// Jest Snapshot v1, https://goo.gl/fbAQLP

exports[`Taking snap shot Taking the snapshot of the Component 1`] = `
Array [
  <label
    className="reigster__name_label"
    data-test="inputBoxComponent"
    htmlFor=""
  >
    Retype Password
  </label>,
  <input
    className="form-control register__name_input undefined "
    data-test="InputBoxComponent"
    name="password"
    onChange={[Function]}
    placeholder="Please retype password"
    type="password"
    value=""
  />,
]
`;
