// Jest Snapshot v1, https://goo.gl/fbAQLP

exports[`Taking snap shot Taking the snapshot of the ImageUploader Component 1`] = `
<div
  className="image-upload"
  data-test="imageUploaderComponent"
>
  <label
    htmlFor="icon-button-file"
    title="Upload image"
  >
    <span
      aria-disabled={false}
      className="MuiButtonBase-root MuiIconButton-root MuiIconButton-colorPrimary"
      onBlur={[Function]}
      onDragLeave={[Function]}
      onFocus={[Function]}
      onKeyDown={[Function]}
      onKeyUp={[Function]}
      onMouseDown={[Function]}
      onMouseLeave={[Function]}
      onMouseUp={[Function]}
      onTouchEnd={[Function]}
      onTouchMove={[Function]}
      onTouchStart={[Function]}
      role="button"
      tabIndex={0}
    >
      <span
        className="MuiIconButton-label"
      >
        <svg
          aria-hidden={true}
          className="MuiSvgIcon-root"
          focusable="false"
          viewBox="0 0 24 24"
        >
          <circle
            cx="12"
            cy="12"
            r="3.2"
          />
          <path
            d="M9 2L7.17 4H4c-1.1 0-2 .9-2 2v12c0 1.1.9 2 2 2h16c1.1 0 2-.9 2-2V6c0-1.1-.9-2-2-2h-3.17L15 2H9zm3 15c-2.76 0-5-2.24-5-5s2.24-5 5-5 5 2.24 5 5-2.24 5-5 5z"
          />
        </svg>
      </span>
    </span>
  </label>
  <input
    accept="image/*"
    id="icon-button-file"
    onChange={[Function]}
    style={
      Object {
        "display": "none",
      }
    }
    type="file"
  />
</div>
`;
