// Jest Snapshot v1, https://goo.gl/fbAQLP

exports[`Taking snap shot Taking the snapshot of the Component 1`] = `<div />`;
