// Jest Snapshot v1, https://goo.gl/fbAQLP

exports[`Taking snap shot Taking the snapshot of the Component 1`] = `
<div
  className="header"
  data-test="HeaderComponent"
>
  <a
    href="/sellers"
    onClick={[Function]}
  >
    <img
      alt="logo"
      className="header__logo"
      src="https://i.ibb.co/Yh5NhSw/Untitled-1-1.png"
    />
  </a>
  <div
    className="header__search"
  >
    <input
      className="header__searchInput"
      onChange={[Function]}
      type="text"
    />
    <ul
      id="autocomplete"
    />
    <svg
      aria-hidden={true}
      className="MuiSvgIcon-root header__searchIcon"
      focusable="false"
      viewBox="0 0 24 24"
    >
      <path
        d="M15.5 14h-.79l-.28-.27C15.41 12.59 16 11.11 16 9.5 16 5.91 13.09 3 9.5 3S3 5.91 3 9.5 5.91 16 9.5 16c1.61 0 3.09-.59 4.23-1.57l.27.28v.79l5 4.99L20.49 19l-4.99-5zm-6 0C7.01 14 5 11.99 5 9.5S7.01 5 9.5 5 14 7.01 14 9.5 11.99 14 9.5 14z"
      />
    </svg>
  </div>
  <div
    className="header__nav"
  >
    <a
      href="/"
      onClick={[Function]}
    >
      <div
        className="header__option"
        onClick={[Function]}
      >
        <span
          className="header__optionLineOne"
        >
          Hello, 
        </span>
        <span
          className="header__optionLineTwo"
        >
          <svg
            aria-hidden={true}
            className="MuiSvgIcon-root"
            focusable="false"
            viewBox="0 0 24 24"
          >
            <path
              d="M10.09 15.59L11.5 17l5-5-5-5-1.41 1.41L12.67 11H3v2h9.67l-2.58 2.59zM19 3H5c-1.11 0-2 .9-2 2v4h2V5h14v14H5v-4H3v4c0 1.1.89 2 2 2h14c1.1 0 2-.9 2-2V5c0-1.1-.9-2-2-2z"
            />
          </svg>
          Â Sign Out
        </span>
      </div>
    </a>
  </div>
</div>
`;
